[themes.rokaux.com/unishop/v3.2.1/template-1/index.html]
[backblue.gif]
[fade.gif]
[index.html]
[themes.rokaux.com/unishop/v3.2.1/template-1/favicon.ico]
[themes.rokaux.com/unishop/v3.2.1/template-1/favicon.png]
[themes.rokaux.com/unishop/v3.2.1/template-1/touch-icon-iphone.png]
[themes.rokaux.com/unishop/v3.2.1/template-1/touch-icon-ipad.png]
[themes.rokaux.com/unishop/v3.2.1/template-1/touch-icon-iphone-retina.png]
[themes.rokaux.com/unishop/v3.2.1/template-1/touch-icon-ipad-retina.png]
[themes.rokaux.com/unishop/v3.2.1/template-1/js/modernizr.min.js]
[themes.rokaux.com/unishop/v3.2.1/template-1/index-2.html]
[themes.rokaux.com/unishop/v3.2.1/template-1/account-orders.html]
[themes.rokaux.com/unishop/v3.2.1/template-1/img/account/user-ava-md.jpg]
[themes.rokaux.com/unishop/v3.2.1/template-1/home-featured-categories.html]
[themes.rokaux.com/unishop/v3.2.1/template-1/home-collection-showcase.html]
[themes.rokaux.com/unishop/v3.2.1/template-1/home-dark-header.html]
[themes.rokaux.com/unishop/v3.2.1/template-1/shop-grid-ls.html]
[themes.rokaux.com/unishop/v3.2.1/template-1/shop-categories.html]
[themes.rokaux.com/unishop/v3.2.1/template-1/shop-grid-rs.html]
[themes.rokaux.com/unishop/v3.2.1/template-1/shop-grid-ns.html]
[themes.rokaux.com/unishop/v3.2.1/template-1/shop-list-ls.html]
[themes.rokaux.com/unishop/v3.2.1/template-1/shop-list-rs.html]
[themes.rokaux.com/unishop/v3.2.1/template-1/shop-list-ns.html]
[themes.rokaux.com/unishop/v3.2.1/template-1/shop-single.html]
[themes.rokaux.com/unishop/v3.2.1/template-1/cart.html]
[themes.rokaux.com/unishop/v3.2.1/template-1/checkout.html]
[themes.rokaux.com/unishop/v3.2.1/template-1/account-login.html]
[themes.rokaux.com/unishop/v3.2.1/template-1/account-password-recovery.html]
[themes.rokaux.com/unishop/v3.2.1/template-1/account-wishlist.html]
[themes.rokaux.com/unishop/v3.2.1/template-1/account-profile.html]
[themes.rokaux.com/unishop/v3.2.1/template-1/account-address.html]
[themes.rokaux.com/unishop/v3.2.1/template-1/account-open-ticket.html]
[themes.rokaux.com/unishop/v3.2.1/template-1/account-tickets.html]
[themes.rokaux.com/unishop/v3.2.1/template-1/account-single-ticket.html]
[themes.rokaux.com/unishop/v3.2.1/template-1/blog-rs.html]
[themes.rokaux.com/unishop/v3.2.1/template-1/blog-ls.html]
[themes.rokaux.com/unishop/v3.2.1/template-1/blog-ns.html]
[themes.rokaux.com/unishop/v3.2.1/template-1/blog-single-rs.html]
[themes.rokaux.com/unishop/v3.2.1/template-1/blog-single-ls.html]
[themes.rokaux.com/unishop/v3.2.1/template-1/blog-single-ns.html]
[themes.rokaux.com/unishop/v3.2.1/template-1/about.html]
[themes.rokaux.com/unishop/v3.2.1/template-1/mobile-app.html]
[themes.rokaux.com/unishop/v3.2.1/template-1/services.html]
[themes.rokaux.com/unishop/v3.2.1/template-1/contacts.html]
[themes.rokaux.com/unishop/v3.2.1/template-1/faq.html]
[themes.rokaux.com/unishop/v3.2.1/template-1/order-tracking.html]
[themes.rokaux.com/unishop/v3.2.1/template-1/search-results.html]
[themes.rokaux.com/unishop/v3.2.1/template-1/404.html]
[themes.rokaux.com/unishop/v3.2.1/template-1/coming-soon.html]
[themes.rokaux.com/unishop/v3.2.1/template-1/docs/dev-setup.html]
[themes.rokaux.com/unishop/v3.2.1/template-1/components/accordion.html]
[themes.rokaux.com/unishop/v3.2.1/template-1/components/alerts.html]
[themes.rokaux.com/unishop/v3.2.1/template-1/components/buttons.html]
[themes.rokaux.com/unishop/v3.2.1/template-1/components/cards.html]
[themes.rokaux.com/unishop/v3.2.1/template-1/components/carousel.html]
[themes.rokaux.com/unishop/v3.2.1/template-1/components/countdown.html]
[themes.rokaux.com/unishop/v3.2.1/template-1/components/forms.html]
[themes.rokaux.com/unishop/v3.2.1/template-1/components/gallery.html]
[themes.rokaux.com/unishop/v3.2.1/template-1/components/google-maps.html]
[themes.rokaux.com/unishop/v3.2.1/template-1/components/images.html]
[themes.rokaux.com/unishop/v3.2.1/template-1/components/list-group.html]
[themes.rokaux.com/unishop/v3.2.1/template-1/components/market-social-buttons.html]
[themes.rokaux.com/unishop/v3.2.1/template-1/components/media.html]
[themes.rokaux.com/unishop/v3.2.1/template-1/components/modal.html]
[themes.rokaux.com/unishop/v3.2.1/template-1/components/pagination.html]
[themes.rokaux.com/unishop/v3.2.1/template-1/components/pills.html]
[themes.rokaux.com/unishop/v3.2.1/template-1/components/progress-bars.html]
[themes.rokaux.com/unishop/v3.2.1/template-1/components/shop-items.html]
[themes.rokaux.com/unishop/v3.2.1/template-1/components/steps.html]
[themes.rokaux.com/unishop/v3.2.1/template-1/components/tables.html]
[themes.rokaux.com/unishop/v3.2.1/template-1/components/tabs.html]
[themes.rokaux.com/unishop/v3.2.1/template-1/components/team.html]
[themes.rokaux.com/unishop/v3.2.1/template-1/components/toasts.html]
[themes.rokaux.com/unishop/v3.2.1/template-1/components/tooltips-popovers.html]
[themes.rokaux.com/unishop/v3.2.1/template-1/components/typography.html]
[themes.rokaux.com/unishop/v3.2.1/template-1/components/video-player.html]
[themes.rokaux.com/unishop/v3.2.1/template-1/components/widgets.html]
[themes.rokaux.com/unishop/v3.2.1/template-1/img/flags/GB.png]
[themes.rokaux.com/unishop/v3.2.1/template-1/img/flags/FR.png]
[themes.rokaux.com/unishop/v3.2.1/template-1/img/flags/DE.png]
[themes.rokaux.com/unishop/v3.2.1/template-1/img/flags/IT.png]
[themes.rokaux.com/unishop/v3.2.1/template-1/img/logo/logo.png]
[themes.rokaux.com/unishop/v3.2.1/template-1/img/mega-menu-home/01.jpg]
[themes.rokaux.com/unishop/v3.2.1/template-1/img/mega-menu-home/02.jpg]
[themes.rokaux.com/unishop/v3.2.1/template-1/img/mega-menu-home/03.jpg]
[themes.rokaux.com/unishop/v3.2.1/template-1/img/mega-menu-home/04.jpg]
[themes.rokaux.com/unishop/v3.2.1/template-1/checkout-address.html]
[themes.rokaux.com/unishop/v3.2.1/template-1/checkout-shipping.html]
[themes.rokaux.com/unishop/v3.2.1/template-1/checkout-payment.html]
[themes.rokaux.com/unishop/v3.2.1/template-1/checkout-review.html]
[themes.rokaux.com/unishop/v3.2.1/template-1/checkout-complete.html]
[themes.rokaux.com/unishop/v3.2.1/template-1/img/banners/02.jpg]
[themes.rokaux.com/unishop/v3.2.1/template-1/img/banners/03.jpg]
[themes.rokaux.com/unishop/v3.2.1/template-1/components/spinners.html]
[themes.rokaux.com/unishop/v3.2.1/template-1/img/account/user-ava-sm.jpg]
[themes.rokaux.com/unishop/v3.2.1/template-1/img/cart-dropdown/01.jpg]
[themes.rokaux.com/unishop/v3.2.1/template-1/img/cart-dropdown/02.jpg]
[themes.rokaux.com/unishop/v3.2.1/template-1/img/cart-dropdown/03.jpg]
[themes.rokaux.com/unishop/v3.2.1/template-1/img/hero-slider/main-bg.jpg]
[themes.rokaux.com/unishop/v3.2.1/template-1/img/hero-slider/logo02.png]
[themes.rokaux.com/unishop/v3.2.1/template-1/img/hero-slider/02.png]
[themes.rokaux.com/unishop/v3.2.1/template-1/img/hero-slider/logo01.png]
[themes.rokaux.com/unishop/v3.2.1/template-1/img/hero-slider/01.png]
[themes.rokaux.com/unishop/v3.2.1/template-1/img/hero-slider/logo03.png]
[themes.rokaux.com/unishop/v3.2.1/template-1/img/hero-slider/03.png]
[themes.rokaux.com/unishop/v3.2.1/template-1/img/shop/categories/01.jpg]
[themes.rokaux.com/unishop/v3.2.1/template-1/img/shop/categories/02.jpg]
[themes.rokaux.com/unishop/v3.2.1/template-1/img/shop/categories/03.jpg]
[themes.rokaux.com/unishop/v3.2.1/template-1/img/shop/categories/04.jpg]
[themes.rokaux.com/unishop/v3.2.1/template-1/img/shop/categories/05.jpg]
[themes.rokaux.com/unishop/v3.2.1/template-1/img/shop/categories/06.jpg]
[themes.rokaux.com/unishop/v3.2.1/template-1/img/shop/categories/07.jpg]
[themes.rokaux.com/unishop/v3.2.1/template-1/img/shop/categories/08.jpg]
[themes.rokaux.com/unishop/v3.2.1/template-1/img/shop/categories/09.jpg]
[themes.rokaux.com/unishop/v3.2.1/template-1/img/banners/home01.jpg]
[themes.rokaux.com/unishop/v3.2.1/template-1/img/banners/home02.jpg]
[themes.rokaux.com/unishop/v3.2.1/template-1/img/shop/products/09.jpg]
[themes.rokaux.com/unishop/v3.2.1/template-1/img/shop/products/03.jpg]
[themes.rokaux.com/unishop/v3.2.1/template-1/img/shop/products/12.jpg]
[themes.rokaux.com/unishop/v3.2.1/template-1/img/shop/products/11.jpg]
[themes.rokaux.com/unishop/v3.2.1/template-1/img/shop/products/04.jpg]
[themes.rokaux.com/unishop/v3.2.1/template-1/img/shop/products/01.jpg]
[themes.rokaux.com/unishop/v3.2.1/template-1/img/shop/widget/01.jpg]
[themes.rokaux.com/unishop/v3.2.1/template-1/img/shop/widget/03.jpg]
[themes.rokaux.com/unishop/v3.2.1/template-1/img/shop/widget/04.jpg]
[themes.rokaux.com/unishop/v3.2.1/template-1/img/shop/widget/05.jpg]
[themes.rokaux.com/unishop/v3.2.1/template-1/img/shop/widget/06.jpg]
[themes.rokaux.com/unishop/v3.2.1/template-1/img/shop/widget/07.jpg]
[themes.rokaux.com/unishop/v3.2.1/template-1/img/shop/widget/08.jpg]
[themes.rokaux.com/unishop/v3.2.1/template-1/img/shop/widget/09.jpg]
[themes.rokaux.com/unishop/v3.2.1/template-1/img/shop/widget/10.jpg]
[themes.rokaux.com/unishop/v3.2.1/template-1/img/brands/01.png]
[themes.rokaux.com/unishop/v3.2.1/template-1/img/brands/02.png]
[themes.rokaux.com/unishop/v3.2.1/template-1/img/brands/03.png]
[themes.rokaux.com/unishop/v3.2.1/template-1/img/brands/04.png]
[themes.rokaux.com/unishop/v3.2.1/template-1/img/brands/05.png]
[themes.rokaux.com/unishop/v3.2.1/template-1/img/brands/06.png]
[themes.rokaux.com/unishop/v3.2.1/template-1/img/brands/07.png]
[themes.rokaux.com/unishop/v3.2.1/template-1/img/services/01.png]
[themes.rokaux.com/unishop/v3.2.1/template-1/img/services/02.png]
[themes.rokaux.com/unishop/v3.2.1/template-1/img/services/03.png]
[themes.rokaux.com/unishop/v3.2.1/template-1/img/services/04.png]
[themes.rokaux.com/unishop/v3.2.1/template-1/img/payment_methods.png]
[themes.rokaux.com/unishop/v3.2.1/template-1/js/vendor.min.js]
[themes.rokaux.com/unishop/v3.2.1/template-1/js/scripts.min.js]
[themes.rokaux.com/unishop/v3.2.1/template-1/customizer/customizer.min.js]
[themes.rokaux.com/unishop/v3.2.1/template-1/index.html]
[themes.rokaux.com/unishop/v3.2.1/template-1/fonts/feather-webfont.eot]
[themes.rokaux.com/unishop/v3.2.1/template-1/fonts/feather-webfont.woff]
[themes.rokaux.com/unishop/v3.2.1/template-1/fonts/feather-webfontd41d.eot]
[themes.rokaux.com/unishop/v3.2.1/template-1/fonts/feather-webfont.ttf]
[themes.rokaux.com/unishop/v3.2.1/template-1/fonts/Pe-icon-7-strokebb1d.eot]
[themes.rokaux.com/unishop/v3.2.1/template-1/fonts/Pe-icon-7-stroked41d.eot]
[themes.rokaux.com/unishop/v3.2.1/template-1/fonts/Pe-icon-7-strokebb1d.woff]
[themes.rokaux.com/unishop/v3.2.1/template-1/fonts/Pe-icon-7-strokebb1d.ttf]
[themes.rokaux.com/unishop/v3.2.1/template-1/img/default-skin.png]
[themes.rokaux.com/unishop/v3.2.1/template-1/img/preloader.gif]
[themes.rokaux.com/unishop/v3.2.1/template-1/fonts/socicon.eot]
[themes.rokaux.com/unishop/v3.2.1/template-1/fonts/socicon.woff]
[themes.rokaux.com/unishop/v3.2.1/template-1/fonts/socicond41d.eot]
[themes.rokaux.com/unishop/v3.2.1/template-1/fonts/socicon.ttf]
[themes.rokaux.com/unishop/v3.2.1/template-1/css/vendor.min.css]
[themes.rokaux.com/unishop/v3.2.1/template-1/css/styles.min.css]
[themes.rokaux.com/unishop/v3.2.1/template-1/img/loading.gif]
[themes.rokaux.com/unishop/v3.2.1/template-1/customizer/customizer.min.css]
[www.googletagmanager.com/gtm5445.html]
[themes.rokaux.com/unishop/v3.2.1/template-1/index-2.html]
[themes.rokaux.com/unishop/v3.2.1/template-1/img/shop/cart/01.jpg]
[themes.rokaux.com/unishop/v3.2.1/template-1/img/shop/cart/02.jpg]
[themes.rokaux.com/unishop/v3.2.1/template-1/img/shop/cart/03.jpg]
[themes.rokaux.com/unishop/v3.2.1/template-1/img/account/user-cover-img.jpg]
[themes.rokaux.com/unishop/v3.2.1/template-1/img/account/user-ava.jpg]
[themes.rokaux.com/unishop/v3.2.1/template-1/account-orders.html]
[themes.rokaux.com/unishop/v3.2.1/template-1/img/banners/home05.jpg]
[themes.rokaux.com/unishop/v3.2.1/template-1/img/banners/home04.jpg]
[themes.rokaux.com/unishop/v3.2.1/template-1/img/banners/home06.jpg]
[themes.rokaux.com/unishop/v3.2.1/template-1/img/shop/products/02.jpg]
[themes.rokaux.com/unishop/v3.2.1/template-1/img/shop/products/05.jpg]
[themes.rokaux.com/unishop/v3.2.1/template-1/img/shop/products/06.jpg]
[themes.rokaux.com/unishop/v3.2.1/template-1/img/shop/products/07.jpg]
[themes.rokaux.com/unishop/v3.2.1/template-1/img/shop/products/08.jpg]
[themes.rokaux.com/unishop/v3.2.1/template-1/img/banners/home03.jpg]
[themes.rokaux.com/unishop/v3.2.1/template-1/home-featured-categories.html]
[themes.rokaux.com/unishop/v3.2.1/template-1/img/logo/logo-light.png]
[themes.rokaux.com/unishop/v3.2.1/template-1/img/hero/hero-bg.jpg]
[themes.rokaux.com/unishop/v3.2.1/template-1/img/hero/logo-braun.png]
[themes.rokaux.com/unishop/v3.2.1/template-1/_https_/player.vimeo.com/video/1382353127790]
[themes.rokaux.com/unishop/v3.2.1/template-1/img/video-covers/01.jpg]
[themes.rokaux.com/unishop/v3.2.1/template-1/_https_/player.vimeo.com/video/1382906177790]
[themes.rokaux.com/unishop/v3.2.1/template-1/img/video-covers/02.jpg]
[themes.rokaux.com/unishop/v3.2.1/template-1/img/video-covers/03.jpg]
[themes.rokaux.com/unishop/v3.2.1/template-1/img/shop/products/17.jpg]
[themes.rokaux.com/unishop/v3.2.1/template-1/img/shop/products/21.jpg]
[themes.rokaux.com/unishop/v3.2.1/template-1/img/shop/products/25.jpg]
[themes.rokaux.com/unishop/v3.2.1/template-1/img/shop/products/19.jpg]
[themes.rokaux.com/unishop/v3.2.1/template-1/img/shop/products/22.jpg]
[themes.rokaux.com/unishop/v3.2.1/template-1/img/shop/products/26.jpg]
[themes.rokaux.com/unishop/v3.2.1/template-1/img/shop/products/28.jpg]
[themes.rokaux.com/unishop/v3.2.1/template-1/img/shop/products/18.jpg]
[themes.rokaux.com/unishop/v3.2.1/template-1/img/shop/products/24.jpg]
[themes.rokaux.com/unishop/v3.2.1/template-1/img/shop/products/20.jpg]
[themes.rokaux.com/unishop/v3.2.1/template-1/img/shop/products/23.jpg]
[themes.rokaux.com/unishop/v3.2.1/template-1/home-collection-showcase.html]
[themes.rokaux.com/unishop/v3.2.1/template-1/home-dark-header.html]
[themes.rokaux.com/unishop/v3.2.1/template-1/img/shop/products/27.jpg]
[themes.rokaux.com/unishop/v3.2.1/template-1/img/shop/products/10.jpg]
[themes.rokaux.com/unishop/v3.2.1/template-1/img/shop/products/16.jpg]
[themes.rokaux.com/unishop/v3.2.1/template-1/img/shop/products/14.jpg]
[themes.rokaux.com/unishop/v3.2.1/template-1/img/shop/products/15.jpg]
[themes.rokaux.com/unishop/v3.2.1/template-1/shop-grid-ls.html]
[themes.rokaux.com/unishop/v3.2.1/template-1/img/banners/alert-bg.jpg]
[themes.rokaux.com/unishop/v3.2.1/template-1/img/shop/categories/10.jpg]
[themes.rokaux.com/unishop/v3.2.1/template-1/img/shop/categories/11.jpg]
[themes.rokaux.com/unishop/v3.2.1/template-1/img/shop/categories/12.jpg]
[themes.rokaux.com/unishop/v3.2.1/template-1/img/shop/categories/13.jpg]
[themes.rokaux.com/unishop/v3.2.1/template-1/img/shop/categories/14.jpg]
[themes.rokaux.com/unishop/v3.2.1/template-1/img/shop/categories/15.jpg]
[themes.rokaux.com/unishop/v3.2.1/template-1/img/shop/categories/16.jpg]
[themes.rokaux.com/unishop/v3.2.1/template-1/img/shop/categories/17.jpg]
[themes.rokaux.com/unishop/v3.2.1/template-1/img/shop/categories/18.jpg]
[themes.rokaux.com/unishop/v3.2.1/template-1/shop-categories.html]
[themes.rokaux.com/unishop/v3.2.1/template-1/shop-grid-rs.html]
[themes.rokaux.com/unishop/v3.2.1/template-1/img/shop/products/13.jpg]
[themes.rokaux.com/unishop/v3.2.1/template-1/shop-grid-ns.html]
[themes.rokaux.com/unishop/v3.2.1/template-1/shop-list-ls.html]
[themes.rokaux.com/unishop/v3.2.1/template-1/shop-list-rs.html]
[themes.rokaux.com/unishop/v3.2.1/template-1/shop-list-ns.html]
[themes.rokaux.com/unishop/v3.2.1/template-1/_/www.youtube.com/embed/B81qd2v6alw438d]
[themes.rokaux.com/unishop/v3.2.1/template-1/img/shop/single/01.jpg]
[themes.rokaux.com/unishop/v3.2.1/template-1/img/shop/single/02.jpg]
[themes.rokaux.com/unishop/v3.2.1/template-1/img/shop/single/03.jpg]
[themes.rokaux.com/unishop/v3.2.1/template-1/img/shop/single/04.jpg]
[themes.rokaux.com/unishop/v3.2.1/template-1/img/shop/single/05.jpg]
[themes.rokaux.com/unishop/v3.2.1/template-1/img/shop/single/th01.jpg]
[themes.rokaux.com/unishop/v3.2.1/template-1/img/shop/single/th02.jpg]
[themes.rokaux.com/unishop/v3.2.1/template-1/img/shop/single/th03.jpg]
[themes.rokaux.com/unishop/v3.2.1/template-1/img/shop/single/th04.jpg]
[themes.rokaux.com/unishop/v3.2.1/template-1/img/shop/single/th05.jpg]
[themes.rokaux.com/unishop/v3.2.1/template-1/img/reviews/01.jpg]
[themes.rokaux.com/unishop/v3.2.1/template-1/img/reviews/02.jpg]
[themes.rokaux.com/unishop/v3.2.1/template-1/img/reviews/03.jpg]
[themes.rokaux.com/unishop/v3.2.1/template-1/shop-single.html]
[themes.rokaux.com/unishop/v3.2.1/template-1/cart.html]
[themes.rokaux.com/unishop/v3.2.1/template-1/checkout.html]
[themes.rokaux.com/unishop/v3.2.1/template-1/account-login.html]
[themes.rokaux.com/unishop/v3.2.1/template-1/account-password-recovery.html]
[themes.rokaux.com/unishop/v3.2.1/template-1/account-wishlist.html]
[themes.rokaux.com/unishop/v3.2.1/template-1/account-profile.html]
[themes.rokaux.com/unishop/v3.2.1/template-1/account-address.html]
[themes.rokaux.com/unishop/v3.2.1/template-1/account-open-ticket.html]
[themes.rokaux.com/unishop/v3.2.1/template-1/account-tickets.html]
[themes.rokaux.com/unishop/v3.2.1/template-1/account-single-ticket.html]
[themes.rokaux.com/unishop/v3.2.1/template-1/img/blog/widget/01.jpg]
[themes.rokaux.com/unishop/v3.2.1/template-1/img/blog/widget/02.jpg]
[themes.rokaux.com/unishop/v3.2.1/template-1/img/banners/01.jpg]
[themes.rokaux.com/unishop/v3.2.1/template-1/img/blog/01.jpg]
[themes.rokaux.com/unishop/v3.2.1/template-1/img/blog/02.jpg]
[themes.rokaux.com/unishop/v3.2.1/template-1/blog-rs.html]
[themes.rokaux.com/unishop/v3.2.1/template-1/blog-ls.html]
[themes.rokaux.com/unishop/v3.2.1/template-1/blog-ns.html]
[themes.rokaux.com/unishop/v3.2.1/template-1/img/blog/single/01.jpg]
[themes.rokaux.com/unishop/v3.2.1/template-1/img/blog/single/02.jpg]
[themes.rokaux.com/unishop/v3.2.1/template-1/img/blog/single/03.jpg]
[themes.rokaux.com/unishop/v3.2.1/template-1/img/blog/widget/03.jpg]
[themes.rokaux.com/unishop/v3.2.1/template-1/blog-single-rs.html]
[themes.rokaux.com/unishop/v3.2.1/template-1/blog-single-ls.html]
[themes.rokaux.com/unishop/v3.2.1/template-1/blog-single-ns.html]
[themes.rokaux.com/unishop/v3.2.1/template-1/img/features/01.jpg]
[themes.rokaux.com/unishop/v3.2.1/template-1/img/features/02.jpg]
[themes.rokaux.com/unishop/v3.2.1/template-1/img/features/03.jpg]
[themes.rokaux.com/unishop/v3.2.1/template-1/img/features/04.jpg]
[themes.rokaux.com/unishop/v3.2.1/template-1/img/team/01.jpg]
[themes.rokaux.com/unishop/v3.2.1/template-1/img/team/02.jpg]
[themes.rokaux.com/unishop/v3.2.1/template-1/img/team/03.jpg]
[themes.rokaux.com/unishop/v3.2.1/template-1/img/team/04.jpg]
[themes.rokaux.com/unishop/v3.2.1/template-1/about.html]
[themes.rokaux.com/unishop/v3.2.1/template-1/mobile-app.html]
[themes.rokaux.com/unishop/v3.2.1/template-1/services.html]
[themes.rokaux.com/unishop/v3.2.1/template-1/img/contacts/orlando.jpg]
[themes.rokaux.com/unishop/v3.2.1/template-1/img/contacts/chicago.jpg]
[themes.rokaux.com/unishop/v3.2.1/template-1/img/contacts/new-york.jpg]
[themes.rokaux.com/unishop/v3.2.1/template-1/contacts.html]
[themes.rokaux.com/unishop/v3.2.1/template-1/faq.html]
[themes.rokaux.com/unishop/v3.2.1/template-1/orderDetails]
[themes.rokaux.com/unishop/v3.2.1/template-1/order-tracking.html]
[themes.rokaux.com/unishop/v3.2.1/template-1/search-results.html]
[themes.rokaux.com/unishop/v3.2.1/template-1/img/404_art.jpg]
[themes.rokaux.com/unishop/v3.2.1/template-1/404.html]
[themes.rokaux.com/unishop/v3.2.1/template-1/img/coming-soon-bg.jpg]
[themes.rokaux.com/unishop/v3.2.1/template-1/coming-soon.html]
[themes.rokaux.com/unishop/v3.2.1/template-1/docs/index.html]
[themes.rokaux.com/unishop/v3.2.1/template-1/img/docs/technologies.png]
[themes.rokaux.com/unishop/v3.2.1/template-1/docs/working-with-grunt.html]
[themes.rokaux.com/unishop/v3.2.1/template-1/docs/project-structure.html]
[themes.rokaux.com/unishop/v3.2.1/template-1/docs/using-preprocessors.html]
[themes.rokaux.com/unishop/v3.2.1/template-1/docs/autoprefixer.html]
[themes.rokaux.com/unishop/v3.2.1/template-1/docs/colors.html]
[themes.rokaux.com/unishop/v3.2.1/template-1/docs/footer-skin.html]
[themes.rokaux.com/unishop/v3.2.1/template-1/docs/components.html]
[themes.rokaux.com/unishop/v3.2.1/template-1/docs/utility-classes.html]
[themes.rokaux.com/unishop/v3.2.1/template-1/docs/font-icons.html]
[themes.rokaux.com/unishop/v3.2.1/template-1/docs/credits.html]
[themes.rokaux.com/unishop/v3.2.1/template-1/docs/changelog.html]
[themes.rokaux.com/unishop/v3.2.1/template-1/docs/dev-setup.html]
[themes.rokaux.com/unishop/v3.2.1/template-1/components/index.html]
[themes.rokaux.com/unishop/v3.2.1/template-1/components/accordion.html]
[themes.rokaux.com/unishop/v3.2.1/template-1/components/alerts.html]
[themes.rokaux.com/unishop/v3.2.1/template-1/components/buttons.html]
[themes.rokaux.com/unishop/v3.2.1/template-1/img/components/img04.jpg]
[themes.rokaux.com/unishop/v3.2.1/template-1/img/components/img06.jpg]
[themes.rokaux.com/unishop/v3.2.1/template-1/img/components/img05.jpg]
[themes.rokaux.com/unishop/v3.2.1/template-1/components/cards.html]
[themes.rokaux.com/unishop/v3.2.1/template-1/img/components/img01.jpg]
[themes.rokaux.com/unishop/v3.2.1/template-1/img/components/img02.jpg]
[themes.rokaux.com/unishop/v3.2.1/template-1/img/components/img03.jpg]
[themes.rokaux.com/unishop/v3.2.1/template-1/img/components/img10.jpg]
[themes.rokaux.com/unishop/v3.2.1/template-1/img/components/img11.jpg]
[themes.rokaux.com/unishop/v3.2.1/template-1/img/components/img12.jpg]
[themes.rokaux.com/unishop/v3.2.1/template-1/components/carousel.html]
[themes.rokaux.com/unishop/v3.2.1/template-1/components/countdown.html]
[themes.rokaux.com/unishop/v3.2.1/template-1/components/forms.html]
[themes.rokaux.com/unishop/v3.2.1/template-1/img/gallery/03.jpg]
[themes.rokaux.com/unishop/v3.2.1/template-1/img/gallery/th03.jpg]
[themes.rokaux.com/unishop/v3.2.1/template-1/img/gallery/02.jpg]
[themes.rokaux.com/unishop/v3.2.1/template-1/img/gallery/th02.jpg]
[themes.rokaux.com/unishop/v3.2.1/template-1/components/_https_/www.youtube-nocookie.com/embed/n2CCz4x2xGE438d]
[themes.rokaux.com/unishop/v3.2.1/template-1/img/gallery/th01.jpg]
[themes.rokaux.com/unishop/v3.2.1/template-1/img/gallery/04.jpg]
[themes.rokaux.com/unishop/v3.2.1/template-1/img/gallery/th04.jpg]
[themes.rokaux.com/unishop/v3.2.1/template-1/components/_https_/player.vimeo.com/video/70022464.1197790.delayed]
[themes.rokaux.com/unishop/v3.2.1/template-1/img/gallery/th05.jpg]
[themes.rokaux.com/unishop/v3.2.1/template-1/img/gallery/06.jpg]
[themes.rokaux.com/unishop/v3.2.1/template-1/img/gallery/th06.jpg]
[themes.rokaux.com/unishop/v3.2.1/template-1/img/gallery/07.jpg]
[themes.rokaux.com/unishop/v3.2.1/template-1/img/gallery/th07.jpg]
[themes.rokaux.com/unishop/v3.2.1/template-1/img/gallery/08.jpg]
[themes.rokaux.com/unishop/v3.2.1/template-1/img/gallery/th08.jpg]
[themes.rokaux.com/unishop/v3.2.1/template-1/components/gallery.html]
[themes.rokaux.com/unishop/v3.2.1/template-1/components/google-maps.html]
[themes.rokaux.com/unishop/v3.2.1/template-1/img/components/img07.jpg]
[themes.rokaux.com/unishop/v3.2.1/template-1/img/components/img09.jpg]
[themes.rokaux.com/unishop/v3.2.1/template-1/img/components/img08.jpg]
[themes.rokaux.com/unishop/v3.2.1/template-1/components/images.html]
[themes.rokaux.com/unishop/v3.2.1/template-1/components/list-group.html]
[themes.rokaux.com/unishop/v3.2.1/template-1/components/market-social-buttons.html]
[themes.rokaux.com/unishop/v3.2.1/template-1/img/components/img13.124.delayed]
[themes.rokaux.com/unishop/v3.2.1/template-1/img/components/img15.jpg]
[themes.rokaux.com/unishop/v3.2.1/template-1/img/components/img14.jpg]
[themes.rokaux.com/unishop/v3.2.1/template-1/components/media.html]
[themes.rokaux.com/unishop/v3.2.1/template-1/components/modal.html]
[themes.rokaux.com/unishop/v3.2.1/template-1/components/pagination.html]
[themes.rokaux.com/unishop/v3.2.1/template-1/components/pills.html]
[themes.rokaux.com/unishop/v3.2.1/template-1/components/progress-bars.html]
[themes.rokaux.com/unishop/v3.2.1/template-1/components/shop-items.html]
[themes.rokaux.com/unishop/v3.2.1/template-1/components/steps.html]
[themes.rokaux.com/unishop/v3.2.1/template-1/components/tables.html]
[themes.rokaux.com/unishop/v3.2.1/template-1/components/tabs.html]
[themes.rokaux.com/unishop/v3.2.1/template-1/img/team/05.jpg]
[themes.rokaux.com/unishop/v3.2.1/template-1/img/team/06.jpg]
[themes.rokaux.com/unishop/v3.2.1/template-1/img/team/07.jpg]
[themes.rokaux.com/unishop/v3.2.1/template-1/img/team/08.jpg]
[themes.rokaux.com/unishop/v3.2.1/template-1/components/team.html]
[themes.rokaux.com/unishop/v3.2.1/template-1/components/toasts.html]
[themes.rokaux.com/unishop/v3.2.1/template-1/components/tooltips-popovers.html]
[themes.rokaux.com/unishop/v3.2.1/template-1/components/typography.html]
[themes.rokaux.com/unishop/v3.2.1/template-1/components/video-player.html]
[themes.rokaux.com/unishop/v3.2.1/template-1/img/shop/widget/02.jpg]
[themes.rokaux.com/unishop/v3.2.1/template-1/components/widgets.html]
[themes.rokaux.com/unishop/v3.2.1/template-1/checkout-address.html]
[themes.rokaux.com/unishop/v3.2.1/template-1/checkout-shipping.html]
[themes.rokaux.com/unishop/v3.2.1/template-1/img/credit-cards.png]
[themes.rokaux.com/unishop/v3.2.1/template-1/js/card.min.js]
[themes.rokaux.com/unishop/v3.2.1/template-1/checkout-payment.html]
[themes.rokaux.com/unishop/v3.2.1/template-1/checkout-review.html]
[themes.rokaux.com/unishop/v3.2.1/template-1/checkout-complete.html]
[themes.rokaux.com/unishop/v3.2.1/template-1/components/spinners.html]
[themes.rokaux.com/unishop/v3.2.1/template-1/fonts/feather-webfont.svg]
[themes.rokaux.com/unishop/v3.2.1/template-1/fonts/Pe-icon-7-strokebb1d.svg]
[themes.rokaux.com/unishop/v3.2.1/template-1/img/default-skin.svg]
[themes.rokaux.com/unishop/v3.2.1/template-1/fonts/socicon.svg]
[themes.rokaux.com/unishop/v3.2.1/template-1/_https_/player.vimeo.com/video/1382353127790.html]
[themes.rokaux.com/unishop/v3.2.1/template-1/_https_/player.vimeo.com/video/1382906177790.html]
[themes.rokaux.com/unishop/v3.2.1/template-1/_/www.youtube.com/embed/B81qd2v6alw438d.html]
[themes.rokaux.com/unishop/v3.2.1/template-1/orderDetails.html]
[themes.rokaux.com/unishop/v3.2.1/template-1/docs/index.html]
[themes.rokaux.com/unishop/v3.2.1/template-1/docs/working-with-grunt.html]
[themes.rokaux.com/unishop/v3.2.1/template-1/docs/project-structure.html]
[themes.rokaux.com/unishop/v3.2.1/template-1/img/docs/prepros.png]
[themes.rokaux.com/unishop/v3.2.1/template-1/docs/using-preprocessors.html]
[themes.rokaux.com/unishop/v3.2.1/template-1/img/docs/autoprefixer.jpg]
[themes.rokaux.com/unishop/v3.2.1/template-1/docs/autoprefixer.html]
[themes.rokaux.com/unishop/v3.2.1/template-1/img/docs/sass_variables.jpg]
[themes.rokaux.com/unishop/v3.2.1/template-1/docs/colors.html]
[themes.rokaux.com/unishop/v3.2.1/template-1/docs/footer-skin.html]
[themes.rokaux.com/unishop/v3.2.1/template-1/docs/components.html]
[themes.rokaux.com/unishop/v3.2.1/template-1/img/docs/utilities.jpg]
[themes.rokaux.com/unishop/v3.2.1/template-1/docs/utility-classes.html]
[themes.rokaux.com/unishop/v3.2.1/template-1/docs/feather-icons]
[themes.rokaux.com/unishop/v3.2.1/template-1/docs/font-icons.html]
[themes.rokaux.com/unishop/v3.2.1/template-1/docs/feather-icons/index.html]
[themes.rokaux.com/unishop/v3.2.1/template-1/docs/credits.html]
[themes.rokaux.com/unishop/v3.2.1/template-1/docs/changelog.html]
[themes.rokaux.com/unishop/v3.2.1/template-1/components/index.html]
[themes.rokaux.com/unishop/v3.2.1/template-1/components/_https_/www.youtube-nocookie.com/embed/n2CCz4x2xGE438d.html]
[themes.rokaux.com/unishop/v3.2.1/template-1/components/_https_/player.vimeo.com/video/700224647790.html]
[themes.rokaux.com/unishop/v3.2.1/template-1/img/components/img13.html]
[themes.rokaux.com/unishop/v3.2.1/template-1/img/components/img15.html]
[themes.rokaux.com/unishop/v3.2.1/template-1/img/components/img14.html]
[themes.rokaux.com/unishop/v3.2.1/template-1/css/card.min.css]
[themes.rokaux.com/unishop/v3.2.1/template-1/docs/feather-icons/index.html]
[themes.rokaux.com/unishop/v3.2.1/template-1/docs/feather-icons/resources/style.css]
[themes.rokaux.com/unishop/v3.2.1/template-1/docs/feather-icons/feather-webfont/fonts/feather-webfont.eot]
[themes.rokaux.com/unishop/v3.2.1/template-1/docs/feather-icons/feather-webfont/fonts/feather-webfontd41d.eot]
[themes.rokaux.com/unishop/v3.2.1/template-1/docs/feather-icons/feather-webfont/fonts/feather-webfont.woff]
[themes.rokaux.com/unishop/v3.2.1/template-1/docs/feather-icons/feather-webfont/fonts/feather-webfont.ttf]
[themes.rokaux.com/unishop/v3.2.1/template-1/docs/feather-icons/feather-webfont/feather.css]
[themes.rokaux.com/unishop/v3.2.1/template-1/docs/feather-icons/feather-webfont/fonts/feather-webfont.svg]
